// Jest Snapshot v1, https://goo.gl/fbAQLP

exports[`bug fixes fixes issue #5 1`] = `
Node {
  "children": Array [
    Node {
      "children": Array [],
      "parent": [Circular],
      "type": "whitespace",
      "value": "
",
    },
    Node {
      "children": Array [
        Node {
          "children": Array [
            Node {
              "children": Array [],
              "parent": [Circular],
              "type": "text",
              "value": "something",
            },
          ],
          "keyword": undefined,
          "level": 1,
          "parent": [Circular],
          "priority": undefined,
          "tags": Array [],
          "type": "headline",
        },
      ],
      "level": 1,
      "parent": [Circular],
      "type": "section",
    },
    Node {
      "children": Array [
        Node {
          "children": Array [
            Node {
              "children": Array [],
              "parent": [Circular],
              "type": "text",
              "value": "something with keyword",
            },
          ],
          "keyword": "(whatever",
          "level": 1,
          "parent": [Circular],
          "priority": undefined,
          "tags": Array [],
          "type": "headline",
        },
        Node {
          "children": Array [],
          "parent": [Circular],
          "type": "whitespace",
          "value": "
",
        },
      ],
      "level": 1,
      "parent": [Circular],
      "type": "section",
    },
  ],
  "meta": Object {
    "todos": Array [
      "(whatever",
      "keyword)",
    ],
  },
  "type": "root",
}
`;
